[eonasdan.github.io/bootstrap-datetimepicker/index.html]
[eonasdan.github.io/apple-touch-icon-57x57.png]
[eonasdan.github.io/apple-touch-icon-114x114.png]
[eonasdan.github.io/apple-touch-icon-72x72.png]
[eonasdan.github.io/apple-touch-icon-144x144.png]
[eonasdan.github.io/apple-touch-icon-60x60.png]
[eonasdan.github.io/apple-touch-icon-120x120.png]
[eonasdan.github.io/apple-touch-icon-76x76.png]
[eonasdan.github.io/apple-touch-icon-152x152.png]
[eonasdan.github.io/favicon-196x196.png]
[eonasdan.github.io/favicon-160x160.png]
[eonasdan.github.io/favicon-96x96.png]
[eonasdan.github.io/favicon-16x16.png]
[eonasdan.github.io/favicon-32x32.png]
[eonasdan.github.io/mstile-144x144.png]
[backblue.gif]
[fade.gif]
[index.html]
[maxcdn.bootstrapcdn.com/bootstrap/3.3.1/css/bootstrap.min.css]
[maxcdn.bootstrapcdn.com/font-awesome/4.3.0/css/font-awesome.min.css]
[eonasdan.github.io/bootstrap-datetimepicker/css/prettify-1.0.css]
[eonasdan.github.io/bootstrap-datetimepicker/css/base.css]
[cdn.rawgit.com/Eonasdan/bootstrap-datetimepicker/e8bddc60e73c1ec2475f827be36e1957af72e2ea/build/css/bootstrap-datetimepicker.css]
[code.jquery.com/jquery-2.1.1.min.js]
[cdn.rawgit.com/Eonasdan/bootstrap-datetimepicker/e8bddc60e73c1ec2475f827be36e1957af72e2ea/src/js/bootstrap-datetimepicker.js]
[cdnjs.cloudflare.com/ajax/libs/moment.js/2.9.0/moment-with-locales.js]
[eonasdan.github.io/bootstrap-datetimepicker/js/prettify-1.0.min.js]
[eonasdan.github.io/bootstrap-datetimepicker/Installing/index.html]
[eonasdan.github.io/bootstrap-datetimepicker/Functions/index.html]
[eonasdan.github.io/bootstrap-datetimepicker/Options/index.html]
[eonasdan.github.io/bootstrap-datetimepicker/Events/index.html]
[eonasdan.github.io/bootstrap-datetimepicker/Changelog/index.html]
[eonasdan.github.io/bootstrap-datetimepicker/ContributorsGuide/index.html]
[eonasdan.github.io/bootstrap-datetimepicker/Extras/index.html]
[eonasdan.github.io/bootstrap-datetimepicker/FAQ/index.html]
[eonasdan.github.io/bootstrap-datetimepicker/js/base.js]
[www.google-analytics.com/analytics.js]
[eonasdan.github.io/bootstrap-datetimepicker/index.html]
[eonasdan.github.io/apple-touch-icon-57x57.html]
[eonasdan.github.io/apple-touch-icon-114x114.html]
[eonasdan.github.io/apple-touch-icon-72x72.html]
[eonasdan.github.io/apple-touch-icon-144x144.html]
[eonasdan.github.io/apple-touch-icon-60x60.html]
[eonasdan.github.io/apple-touch-icon-120x120.html]
[eonasdan.github.io/apple-touch-icon-76x76.html]
[eonasdan.github.io/apple-touch-icon-152x152.html]
[eonasdan.github.io/favicon-196x196.html]
[eonasdan.github.io/favicon-160x160.html]
[eonasdan.github.io/favicon-96x96.html]
[eonasdan.github.io/favicon-16x16.html]
[eonasdan.github.io/favicon-32x32.html]
[eonasdan.github.io/mstile-144x144.html]
[maxcdn.bootstrapcdn.com/bootstrap/3.3.1/css/bootstrap.min.css]
[maxcdn.bootstrapcdn.com/font-awesome/4.3.0/css/font-awesome.min.css]
[eonasdan.github.io/bootstrap-datetimepicker/css/prettify-1.0.css]
[eonasdan.github.io/bootstrap-datetimepicker/css/base.css]
[cdn.rawgit.com/Eonasdan/bootstrap-datetimepicker/e8bddc60e73c1ec2475f827be36e1957af72e2ea/build/css/bootstrap-datetimepicker.css]
[maxcdn.bootstrapcdn.com/bootstrap/3.3.1/js/bootstrap.min.js]
[eonasdan.github.io/bootstrap-datetimepicker/Version 4 Changelog/index.html]
[eonasdan.github.io/bootstrap-datetimepicker/Version 4 Contributors guide/index.html]
[badge.fury.io/bo/eonasdan-bootstrap-datetimepicker.25.delayed]
[d25lcipzij17d.cloudfront.net/badge7e0d.png]
[badge.fury.io/nu/Bootstrap.v3.Datetimepicker.png]
[d25lcipzij17d.cloudfront.net/badge259d.png]
[badge.fury.io/nu/Bootstrap.v3.Datetimepicker.CSS.png]
[badge.fury.io/rb/bootstrap3-datetimepicker-rails.png]
[eonasdan.github.io/bootstrap-datetimepicker/Installing/index.html]
[d25lcipzij17d.cloudfront.net/badge9cb4.png]
[eonasdan.github.io/bootstrap-datetimepicker/Functions/index.html]
[eonasdan.github.io/bootstrap-datetimepicker/img/dpheader.png]
[eonasdan.github.io/bootstrap-datetimepicker/img/sideBySide.png]
[eonasdan.github.io/bootstrap-datetimepicker/img/calendarWeeks.png]
[eonasdan.github.io/bootstrap-datetimepicker/img/toolbarPlacement.png]
[eonasdan.github.io/bootstrap-datetimepicker/Options/index.html]
[eonasdan.github.io/bootstrap-datetimepicker/Events/index.html]
[eonasdan.github.io/bootstrap-datetimepicker/Changelog/index.html]
[eonasdan.github.io/bootstrap-datetimepicker/ContributorsGuide/index.html]
[eonasdan.github.io/bootstrap-datetimepicker/Extras/index.html]
[eonasdan.github.io/bootstrap-datetimepicker/FAQ/index.html]
[eonasdan.github.io/bootstrap-datetimepicker/Version 4 Changelog/index.html]
[eonasdan.github.io/bootstrap-datetimepicker/Version 4 Contributors guide/index.html]
